
Discarded input sections

 .group         0x00000000        0x8 src/system/system.o
 .note.GNU-stack
                0x00000000        0x0 src/system/system.o
 .group         0x00000000        0x8 src/system/idt.o
 .group         0x00000000        0x8 src/system/idt.o
 .text.__x86.get_pc_thunk.bx
                0x00000000        0x4 src/system/idt.o
 .note.GNU-stack
                0x00000000        0x0 src/system/idt.o
 .group         0x00000000        0x8 src/drivers/VGAf/vgaf.o
 .group         0x00000000        0x8 src/drivers/VGAf/vgaf.o
 .group         0x00000000        0x8 src/drivers/VGAf/vgaf.o
 .group         0x00000000        0x8 src/drivers/VGAf/vgaf.o
 .group         0x00000000        0x8 src/drivers/VGAf/vgaf.o
 .text.__x86.get_pc_thunk.ax
                0x00000000        0x4 src/drivers/VGAf/vgaf.o
 .text.__x86.get_pc_thunk.bx
                0x00000000        0x4 src/drivers/VGAf/vgaf.o
 .note.GNU-stack
                0x00000000        0x0 src/drivers/VGAf/vgaf.o
 .group         0x00000000        0x8 src/drivers/KEYdriver/key.o
 .group         0x00000000        0x8 src/drivers/KEYdriver/key.o
 .group         0x00000000        0x8 src/drivers/KEYdriver/key.o
 .text.__x86.get_pc_thunk.ax
                0x00000000        0x4 src/drivers/KEYdriver/key.o
 .text.__x86.get_pc_thunk.cx
                0x00000000        0x4 src/drivers/KEYdriver/key.o
 .text.__x86.get_pc_thunk.bx
                0x00000000        0x4 src/drivers/KEYdriver/key.o
 .note.GNU-stack
                0x00000000        0x0 src/drivers/KEYdriver/key.o
 .group         0x00000000        0x8 src/Shell_old/Shell_old.o
 .group         0x00000000        0x8 src/Shell_old/Shell_old.o
 .text.__x86.get_pc_thunk.bx
                0x00000000        0x4 src/Shell_old/Shell_old.o
 .note.GNU-stack
                0x00000000        0x0 src/Shell_old/Shell_old.o
 .group         0x00000000        0x8 src/Shell_old/layout_screen.o
 .text.__x86.get_pc_thunk.bx
                0x00000000        0x4 src/Shell_old/layout_screen.o
 .note.GNU-stack
                0x00000000        0x0 src/Shell_old/layout_screen.o
 .note.GNU-stack
                0x00000000        0x0 src/RazzleFS/ReqFiles/sata.o
 .group         0x00000000        0x8 src/include/bugcheck.o
 .text.__x86.get_pc_thunk.bx
                0x00000000        0x4 src/include/bugcheck.o
 .note.GNU-stack
                0x00000000        0x0 src/include/bugcheck.o

Memory Configuration

Name             Origin             Length             Attributes
*default*        0x00000000         0xffffffff

Linker script and memory map

                0x00100000                        . = 0x100000

.multiboot      0x00100000        0xc
 *(.multiboot)
 .multiboot     0x00100000        0xc Boot/boot.o

.text           0x00101000     0x2115
 *(.text)
 .text          0x00101000        0xf Boot/boot.o
                0x00101000                _start
 *fill*         0x0010100f        0x1 
 .text          0x00101010       0x5f src/system/system.o
                0x00101010                kernel_main
 *fill*         0x0010106f        0x1 
 .text          0x00101070      0x140 src/system/idt.o
                0x00101070                idt_set_gate
                0x001010b0                init_idt
                0x00101190                test
 .text          0x001011b0      0x4a8 src/drivers/VGAf/vgaf.o
                0x00101220                vga_init
                0x00101270                printv
                0x00101310                uprint
                0x001013b0                uprint_no_scroll
                0x00101440                vga_putc
                0x00101520                colorscreen
                0x00101570                clear
                0x001015c0                colortext
                0x001015e0                printv_color
                0x00101620                scanv
                0x00101640                test_vgaf
 *fill*         0x00101658        0x8 
 .text          0x00101660      0x140 src/drivers/KEYdriver/key.o
                0x00101660                keyboard_init
                0x00101690                keyboard_set_layout
                0x001016e0                get_key
                0x00101780                keyboardtest
 .text          0x001017a0     0x171b src/Shell_old/Shell_old.o
                0x00101a90                shell_main
 *fill*         0x00102ebb        0x5 
 .text          0x00102ec0      0x190 src/Shell_old/layout_screen.o
                0x00102ec0                layout_screen_init
                0x00103030                layoutswitcher_test
 .text          0x00103050        0x0 src/RazzleFS/ReqFiles/sata.o
 .text          0x00103050       0xc5 src/include/bugcheck.o
                0x00103050                check_if_bugcheck_function_exists
                0x00103080                tripletest_and_test_idt
                0x001030b0                bugcheck

.iplt           0x00103115        0x0
 .iplt          0x00103115        0x0 Boot/boot.o

.text.__x86.get_pc_thunk.bx
                0x00103115        0x4
 .text.__x86.get_pc_thunk.bx
                0x00103115        0x4 src/system/system.o
                0x00103115                __x86.get_pc_thunk.bx

.text.__x86.get_pc_thunk.ax
                0x00103119        0x4
 .text.__x86.get_pc_thunk.ax
                0x00103119        0x4 src/system/idt.o
                0x00103119                __x86.get_pc_thunk.ax

.text.__x86.get_pc_thunk.dx
                0x0010311d        0x4
 .text.__x86.get_pc_thunk.dx
                0x0010311d        0x4 src/drivers/VGAf/vgaf.o
                0x0010311d                __x86.get_pc_thunk.dx

.text.__x86.get_pc_thunk.cx
                0x00103121        0x4
 .text.__x86.get_pc_thunk.cx
                0x00103121        0x4 src/drivers/VGAf/vgaf.o
                0x00103121                __x86.get_pc_thunk.cx

.text.__x86.get_pc_thunk.bp
                0x00103125        0x4
 .text.__x86.get_pc_thunk.bp
                0x00103125        0x4 src/drivers/VGAf/vgaf.o
                0x00103125                __x86.get_pc_thunk.bp

.text.__x86.get_pc_thunk.si
                0x00103129        0x4
 .text.__x86.get_pc_thunk.si
                0x00103129        0x4 src/Shell_old/Shell_old.o
                0x00103129                __x86.get_pc_thunk.si

.rodata         0x00104000      0x244
 *(.rodata)
 .rodata        0x00104000      0x200 src/drivers/KEYdriver/key.o
 .rodata        0x00104200       0x44 src/Shell_old/Shell_old.o

.rodata.str1.1  0x00104244      0x366
 .rodata.str1.1
                0x00104244      0x366 src/system/system.o
                                 0x3c (size before relaxing)
 .rodata.str1.1
                0x001045aa       0x1e src/system/idt.o
 .rodata.str1.1
                0x001045aa      0x29b src/Shell_old/Shell_old.o
 .rodata.str1.1
                0x001045aa       0x6c src/Shell_old/layout_screen.o
 .rodata.str1.1
                0x001045aa       0x16 src/include/bugcheck.o

.eh_frame       0x001045ac      0xac8
 .eh_frame      0x001045ac       0x54 src/system/system.o
 .eh_frame      0x00104600       0x94 src/system/idt.o
                                 0xc0 (size before relaxing)
 .eh_frame      0x00104694      0x200 src/drivers/VGAf/vgaf.o
                                0x240 (size before relaxing)
 .eh_frame      0x00104894       0x6c src/drivers/KEYdriver/key.o
                                 0xc0 (size before relaxing)
 .eh_frame      0x00104900      0x680 src/Shell_old/Shell_old.o
                                0x6ac (size before relaxing)
 .eh_frame      0x00104f80       0x74 src/Shell_old/layout_screen.o
                                 0xa0 (size before relaxing)
 .eh_frame      0x00104ff4       0x80 src/include/bugcheck.o
                                 0xac (size before relaxing)

.rodata.str1.4  0x00105074     0x12f7
 .rodata.str1.4
                0x00105074     0x12f7 src/system/idt.o
                                 0x5f (size before relaxing)
 .rodata.str1.4
                0x0010636b       0x6f src/drivers/VGAf/vgaf.o
 .rodata.str1.4
                0x0010636b       0x64 src/drivers/KEYdriver/key.o
 .rodata.str1.4
                0x0010636b      0xe08 src/Shell_old/Shell_old.o
 .rodata.str1.4
                0x0010636b      0x28f src/Shell_old/layout_screen.o
 .rodata.str1.4
                0x0010636b      0x12b src/include/bugcheck.o

.rodata.cst2    0x0010636c        0x2
 .rodata.cst2   0x0010636c        0x2 src/system/idt.o

.rel.dyn        0x00106370        0x0
 .rel.got       0x00106370        0x0 Boot/boot.o
 .rel.iplt      0x00106370        0x0 Boot/boot.o

.data           0x00107000        0x1
 *(.data)
 .data          0x00107000        0x0 Boot/boot.o
 .data          0x00107000        0x0 src/system/system.o
 .data          0x00107000        0x0 src/system/idt.o
 .data          0x00107000        0x1 src/drivers/VGAf/vgaf.o
 .data          0x00107001        0x0 src/drivers/KEYdriver/key.o
 .data          0x00107001        0x0 src/Shell_old/Shell_old.o
 .data          0x00107001        0x0 src/Shell_old/layout_screen.o
 .data          0x00107001        0x0 src/RazzleFS/ReqFiles/sata.o
 .data          0x00107001        0x0 src/include/bugcheck.o

.got            0x00107004        0x0
 .got           0x00107004        0x0 Boot/boot.o

.got.plt        0x00107004        0xc
 .got.plt       0x00107004        0xc Boot/boot.o
                0x00107004                _GLOBAL_OFFSET_TABLE_

.igot.plt       0x00107010        0x0
 .igot.plt      0x00107010        0x0 Boot/boot.o

.data.rel.local
                0x00107010        0x8
 .data.rel.local
                0x00107010        0x8 src/drivers/KEYdriver/key.o

.bss            0x00108000     0x5260
 *(COMMON)
 *(.bss)
 .bss           0x00108000     0x4000 Boot/boot.o
 .bss           0x0010c000        0x0 src/system/system.o
 .bss           0x0010c000      0x820 src/system/idt.o
                0x0010c000                idtp
                0x0010c020                idt
 .bss           0x0010c820        0x8 src/drivers/VGAf/vgaf.o
 .bss           0x0010c828        0x4 src/drivers/KEYdriver/key.o
 *fill*         0x0010c82c       0x14 
 .bss           0x0010c840      0xa20 src/Shell_old/Shell_old.o
 .bss           0x0010d260        0x0 src/Shell_old/layout_screen.o
 .bss           0x0010d260        0x0 src/RazzleFS/ReqFiles/sata.o
 .bss           0x0010d260        0x0 src/include/bugcheck.o

/DISCARD/
 *(.note.GNU-stack)
 *(.gnu_debuglink)
 *(.gnu.lto_*)
LOAD Boot/boot.o
LOAD src/system/system.o
LOAD src/system/idt.o
LOAD src/drivers/VGAf/vgaf.o
LOAD src/drivers/KEYdriver/key.o
LOAD src/Shell_old/Shell_old.o
LOAD src/Shell_old/layout_screen.o
LOAD src/RazzleFS/ReqFiles/sata.o
LOAD src/include/bugcheck.o
OUTPUT(system.bin elf32-i386)

.comment        0x00000000       0x2d
 .comment       0x00000000       0x2d src/system/system.o
                                 0x2e (size before relaxing)
 .comment       0x0000002d       0x2e src/system/idt.o
 .comment       0x0000002d       0x2e src/drivers/VGAf/vgaf.o
 .comment       0x0000002d       0x2e src/drivers/KEYdriver/key.o
 .comment       0x0000002d       0x2e src/Shell_old/Shell_old.o
 .comment       0x0000002d       0x2e src/Shell_old/layout_screen.o
 .comment       0x0000002d       0x2e src/RazzleFS/ReqFiles/sata.o
 .comment       0x0000002d       0x2e src/include/bugcheck.o
